Hole [0] (32, 33) => (32, 39) "{!   !}"
Hole [1] (50, 51) => (50, 57) "{!   !}"