Hole [0] (113, 114) => (113, 120) "{!   !}"
Hole [1] (207, 208) => (207, 214) "{!   !}"
Hole [2] (410, 411) => (410, 417) "{!   !}"